// Jest Snapshot v1, https://goo.gl/fbAQLP

exports[`Header 样式发生改变 做提示 1`] = `
<div class="header">
  <div class="headerContent">
    TodoList1111
    <input data-test="input" placeholder="TodoList!" class="headerInput"></div>
</div>
`;
