// Jest Snapshot v1, https://goo.gl/fbAQLP

exports[`snapshot config 1`] = `
Object {
  "domain": "localhost",
  "port": 8080,
  "server": "http://localhost",
  "time": Any<Date>,
}
`;
